// Jest Snapshot v1, https://goo.gl/fbAQLP

exports[`components/AddToCalendar/Button renders without crashing 1`] = `
ReactTestInstance {
  "_fiber": FiberNode {
    "_debugHookTypes": null,
    "_debugID": 3,
    "_debugIsCurrentlyTiming": false,
    "_debugNeedsRemount": false,
    "_debugOwner": null,
    "_debugSource": null,
    "actualDuration": 0,
    "actualStartTime": -1,
    "alternate": null,
    "child": FiberNode {
      "_debugHookTypes": null,
      "_debugID": 4,
      "_debugIsCurrentlyTiming": false,
      "_debugNeedsRemount": false,
      "_debugOwner": [Circular],
      "_debugSource": null,
      "actualDuration": 0,
      "actualStartTime": -1,
      "alternate": null,
      "child": FiberNode {
        "_debugHookTypes": null,
        "_debugID": 5,
        "_debugIsCurrentlyTiming": false,
        "_debugNeedsRemount": false,
        "_debugOwner": null,
        "_debugSource": null,
        "actualDuration": 0,
        "actualStartTime": -1,
        "alternate": null,
        "child": null,
        "childExpirationTime": 0,
        "dependencies": null,
        "effectTag": 0,
        "elementType": "img",
        "expirationTime": 0,
        "firstEffect": null,
        "index": 0,
        "key": null,
        "lastEffect": null,
        "memoizedProps": Object {
          "alt": "",
          "className": "mr-1",
          "height": "22",
          "src": "/images/calendar.svg",
          "width": "16",
        },
        "memoizedState": null,
        "mode": 0,
        "nextEffect": null,
        "pendingProps": Object {
          "alt": "",
          "className": "mr-1",
          "height": "22",
          "src": "/images/calendar.svg",
          "width": "16",
        },
        "ref": null,
        "return": [Circular],
        "selfBaseDuration": 0,
        "sibling": FiberNode {
          "_debugHookTypes": null,
          "_debugID": 6,
          "_debugIsCurrentlyTiming": false,
          "_debugNeedsRemount": false,
          "_debugOwner": null,
          "_debugSource": null,
          "actualDuration": 0,
          "actualStartTime": -1,
          "alternate": null,
          "child": null,
          "childExpirationTime": 0,
          "dependencies": null,
          "effectTag": 0,
          "elementType": null,
          "expirationTime": 0,
          "firstEffect": null,
          "index": 1,
          "key": null,
          "lastEffect": null,
          "memoizedProps": "Add to Calendar",
          "memoizedState": null,
          "mode": 0,
          "nextEffect": null,
          "pendingProps": "Add to Calendar",
          "ref": null,
          "return": [Circular],
          "selfBaseDuration": 0,
          "sibling": null,
          "stateNode": Object {
            "isHidden": false,
            "tag": "TEXT",
            "text": "Add to Calendar",
          },
          "tag": 6,
          "treeBaseDuration": 0,
          "type": null,
          "updateQueue": null,
        },
        "stateNode": Object {
          "children": Array [],
          "internalInstanceHandle": [Circular],
          "isHidden": false,
          "props": Object {
            "alt": "",
            "className": "mr-1",
            "height": "22",
            "src": "/images/calendar.svg",
            "width": "16",
          },
          "rootContainerInstance": Object {
            "children": Array [
              Object {
                "children": Array [
                  [Circular],
                  Object {
                    "isHidden": false,
                    "tag": "TEXT",
                    "text": "Add to Calendar",
                  },
                ],
                "internalInstanceHandle": [Circular],
                "isHidden": false,
                "props": Object {
                  "children": Array [
                    <img
                      alt=""
                      className="mr-1"
                      height="22"
                      src="/images/calendar.svg"
                      width="16"
                    />,
                    "Add to Calendar",
                  ],
                  "className": "flex items-center hover:bg-gray-3 mb-2 d:mb-1 p-1 d:p-2 d:pl-3 d:pr-3",
                  "onClick": [Function],
                },
                "rootContainerInstance": [Circular],
                "tag": "INSTANCE",
                "type": "button",
              },
            ],
            "createNodeMock": [Function],
            "tag": "CONTAINER",
          },
          "tag": "INSTANCE",
          "type": "img",
        },
        "tag": 5,
        "treeBaseDuration": 0,
        "type": "img",
        "updateQueue": null,
      },
      "childExpirationTime": 0,
      "dependencies": null,
      "effectTag": 0,
      "elementType": "button",
      "expirationTime": 0,
      "firstEffect": null,
      "index": 0,
      "key": null,
      "lastEffect": null,
      "memoizedProps": Object {
        "children": Array [
          <img
            alt=""
            className="mr-1"
            height="22"
            src="/images/calendar.svg"
            width="16"
          />,
          "Add to Calendar",
        ],
        "className": "flex items-center hover:bg-gray-3 mb-2 d:mb-1 p-1 d:p-2 d:pl-3 d:pr-3",
        "onClick": [Function],
      },
      "memoizedState": null,
      "mode": 0,
      "nextEffect": null,
      "pendingProps": Object {
        "children": Array [
          <img
            alt=""
            className="mr-1"
            height="22"
            src="/images/calendar.svg"
            width="16"
          />,
          "Add to Calendar",
        ],
        "className": "flex items-center hover:bg-gray-3 mb-2 d:mb-1 p-1 d:p-2 d:pl-3 d:pr-3",
        "onClick": [Function],
      },
      "ref": null,
      "return": [Circular],
      "selfBaseDuration": 0,
      "sibling": null,
      "stateNode": Object {
        "children": Array [
          Object {
            "children": Array [],
            "internalInstanceHandle": FiberNode {
              "_debugHookTypes": null,
              "_debugID": 5,
              "_debugIsCurrentlyTiming": false,
              "_debugNeedsRemount": false,
              "_debugOwner": null,
              "_debugSource": null,
              "actualDuration": 0,
              "actualStartTime": -1,
              "alternate": null,
              "child": null,
              "childExpirationTime": 0,
              "dependencies": null,
              "effectTag": 0,
              "elementType": "img",
              "expirationTime": 0,
              "firstEffect": null,
              "index": 0,
              "key": null,
              "lastEffect": null,
              "memoizedProps": Object {
                "alt": "",
                "className": "mr-1",
                "height": "22",
                "src": "/images/calendar.svg",
                "width": "16",
              },
              "memoizedState": null,
              "mode": 0,
              "nextEffect": null,
              "pendingProps": Object {
                "alt": "",
                "className": "mr-1",
                "height": "22",
                "src": "/images/calendar.svg",
                "width": "16",
              },
              "ref": null,
              "return": [Circular],
              "selfBaseDuration": 0,
              "sibling": FiberNode {
                "_debugHookTypes": null,
                "_debugID": 6,
                "_debugIsCurrentlyTiming": false,
                "_debugNeedsRemount": false,
                "_debugOwner": null,
                "_debugSource": null,
                "actualDuration": 0,
                "actualStartTime": -1,
                "alternate": null,
                "child": null,
                "childExpirationTime": 0,
                "dependencies": null,
                "effectTag": 0,
                "elementType": null,
                "expirationTime": 0,
                "firstEffect": null,
                "index": 1,
                "key": null,
                "lastEffect": null,
                "memoizedProps": "Add to Calendar",
                "memoizedState": null,
                "mode": 0,
                "nextEffect": null,
                "pendingProps": "Add to Calendar",
                "ref": null,
                "return": [Circular],
                "selfBaseDuration": 0,
                "sibling": null,
                "stateNode": Object {
                  "isHidden": false,
                  "tag": "TEXT",
                  "text": "Add to Calendar",
                },
                "tag": 6,
                "treeBaseDuration": 0,
                "type": null,
                "updateQueue": null,
              },
              "stateNode": [Circular],
              "tag": 5,
              "treeBaseDuration": 0,
              "type": "img",
              "updateQueue": null,
            },
            "isHidden": false,
            "props": Object {
              "alt": "",
              "className": "mr-1",
              "height": "22",
              "src": "/images/calendar.svg",
              "width": "16",
            },
            "rootContainerInstance": Object {
              "children": Array [
                [Circular],
              ],
              "createNodeMock": [Function],
              "tag": "CONTAINER",
            },
            "tag": "INSTANCE",
            "type": "img",
          },
          Object {
            "isHidden": false,
            "tag": "TEXT",
            "text": "Add to Calendar",
          },
        ],
        "internalInstanceHandle": [Circular],
        "isHidden": false,
        "props": Object {
          "children": Array [
            <img
              alt=""
              className="mr-1"
              height="22"
              src="/images/calendar.svg"
              width="16"
            />,
            "Add to Calendar",
          ],
          "className": "flex items-center hover:bg-gray-3 mb-2 d:mb-1 p-1 d:p-2 d:pl-3 d:pr-3",
          "onClick": [Function],
        },
        "rootContainerInstance": Object {
          "children": Array [
            [Circular],
          ],
          "createNodeMock": [Function],
          "tag": "CONTAINER",
        },
        "tag": "INSTANCE",
        "type": "button",
      },
      "tag": 5,
      "treeBaseDuration": 0,
      "type": "button",
      "updateQueue": null,
    },
    "childExpirationTime": 0,
    "dependencies": null,
    "effectTag": 1,
    "elementType": Object {
      "$$typeof": Symbol(react.memo),
      "compare": null,
      "type": [Function],
    },
    "expirationTime": 0,
    "firstEffect": null,
    "index": 0,
    "key": null,
    "lastEffect": null,
    "memoizedProps": Object {
      "children": "Add to Calendar",
      "onClick": [Function],
    },
    "memoizedState": null,
    "mode": 0,
    "nextEffect": null,
    "pendingProps": Object {
      "children": "Add to Calendar",
      "onClick": [Function],
    },
    "ref": null,
    "return": FiberNode {
      "_debugHookTypes": null,
      "_debugID": 1,
      "_debugIsCurrentlyTiming": false,
      "_debugNeedsRemount": false,
      "_debugOwner": null,
      "_debugSource": null,
      "actualDuration": 0,
      "actualStartTime": -1,
      "alternate": FiberNode {
        "_debugHookTypes": null,
        "_debugID": 1,
        "_debugIsCurrentlyTiming": false,
        "_debugNeedsRemount": false,
        "_debugOwner": null,
        "_debugSource": null,
        "actualDuration": 0,
        "actualStartTime": -1,
        "alternate": [Circular],
        "child": null,
        "childExpirationTime": 0,
        "dependencies": null,
        "effectTag": 0,
        "elementType": null,
        "expirationTime": 1073741823,
        "firstEffect": null,
        "index": 0,
        "key": null,
        "lastEffect": null,
        "memoizedProps": null,
        "memoizedState": null,
        "mode": 0,
        "nextEffect": null,
        "pendingProps": null,
        "ref": null,
        "return": null,
        "selfBaseDuration": 0,
        "sibling": null,
        "stateNode": FiberRootNode {
          "callbackExpirationTime": 0,
          "callbackNode": null,
          "callbackPriority": 90,
          "containerInfo": Object {
            "children": Array [
              Object {
                "children": Array [
                  Object {
                    "children": Array [],
                    "internalInstanceHandle": FiberNode {
                      "_debugHookTypes": null,
                      "_debugID": 5,
                      "_debugIsCurrentlyTiming": false,
                      "_debugNeedsRemount": false,
                      "_debugOwner": null,
                      "_debugSource": null,
                      "actualDuration": 0,
                      "actualStartTime": -1,
                      "alternate": null,
                      "child": null,
                      "childExpirationTime": 0,
                      "dependencies": null,
                      "effectTag": 0,
                      "elementType": "img",
                      "expirationTime": 0,
                      "firstEffect": null,
                      "index": 0,
                      "key": null,
                      "lastEffect": null,
                      "memoizedProps": Object {
                        "alt": "",
                        "className": "mr-1",
                        "height": "22",
                        "src": "/images/calendar.svg",
                        "width": "16",
                      },
                      "memoizedState": null,
                      "mode": 0,
                      "nextEffect": null,
                      "pendingProps": Object {
                        "alt": "",
                        "className": "mr-1",
                        "height": "22",
                        "src": "/images/calendar.svg",
                        "width": "16",
                      },
                      "ref": null,
                      "return": FiberNode {
                        "_debugHookTypes": null,
                        "_debugID": 4,
                        "_debugIsCurrentlyTiming": false,
                        "_debugNeedsRemount": false,
                        "_debugOwner": [Circular],
                        "_debugSource": null,
                        "actualDuration": 0,
                        "actualStartTime": -1,
                        "alternate": null,
                        "child": [Circular],
                        "childExpirationTime": 0,
                        "dependencies": null,
                        "effectTag": 0,
                        "elementType": "button",
                        "expirationTime": 0,
                        "firstEffect": null,
                        "index": 0,
                        "key": null,
                        "lastEffect": null,
                        "memoizedProps": Object {
                          "children": Array [
                            <img
                              alt=""
                              className="mr-1"
                              height="22"
                              src="/images/calendar.svg"
                              width="16"
                            />,
                            "Add to Calendar",
                          ],
                          "className": "flex items-center hover:bg-gray-3 mb-2 d:mb-1 p-1 d:p-2 d:pl-3 d:pr-3",
                          "onClick": [Function],
                        },
                        "memoizedState": null,
                        "mode": 0,
                        "nextEffect": null,
                        "pendingProps": Object {
                          "children": Array [
                            <img
                              alt=""
                              className="mr-1"
                              height="22"
                              src="/images/calendar.svg"
                              width="16"
                            />,
                            "Add to Calendar",
                          ],
                          "className": "flex items-center hover:bg-gray-3 mb-2 d:mb-1 p-1 d:p-2 d:pl-3 d:pr-3",
                          "onClick": [Function],
                        },
                        "ref": null,
                        "return": [Circular],
                        "selfBaseDuration": 0,
                        "sibling": null,
                        "stateNode": [Circular],
                        "tag": 5,
                        "treeBaseDuration": 0,
                        "type": "button",
                        "updateQueue": null,
                      },
                      "selfBaseDuration": 0,
                      "sibling": FiberNode {
                        "_debugHookTypes": null,
                        "_debugID": 6,
                        "_debugIsCurrentlyTiming": false,
                        "_debugNeedsRemount": false,
                        "_debugOwner": null,
                        "_debugSource": null,
                        "actualDuration": 0,
                        "actualStartTime": -1,
                        "alternate": null,
                        "child": null,
                        "childExpirationTime": 0,
                        "dependencies": null,
                        "effectTag": 0,
                        "elementType": null,
                        "expirationTime": 0,
                        "firstEffect": null,
                        "index": 1,
                        "key": null,
                        "lastEffect": null,
                        "memoizedProps": "Add to Calendar",
                        "memoizedState": null,
                        "mode": 0,
                        "nextEffect": null,
                        "pendingProps": "Add to Calendar",
                        "ref": null,
                        "return": FiberNode {
                          "_debugHookTypes": null,
                          "_debugID": 4,
                          "_debugIsCurrentlyTiming": false,
                          "_debugNeedsRemount": false,
                          "_debugOwner": [Circular],
                          "_debugSource": null,
                          "actualDuration": 0,
                          "actualStartTime": -1,
                          "alternate": null,
                          "child": [Circular],
                          "childExpirationTime": 0,
                          "dependencies": null,
                          "effectTag": 0,
                          "elementType": "button",
                          "expirationTime": 0,
                          "firstEffect": null,
                          "index": 0,
                          "key": null,
                          "lastEffect": null,
                          "memoizedProps": Object {
                            "children": Array [
                              <img
                                alt=""
                                className="mr-1"
                                height="22"
                                src="/images/calendar.svg"
                                width="16"
                              />,
                              "Add to Calendar",
                            ],
                            "className": "flex items-center hover:bg-gray-3 mb-2 d:mb-1 p-1 d:p-2 d:pl-3 d:pr-3",
                            "onClick": [Function],
                          },
                          "memoizedState": null,
                          "mode": 0,
                          "nextEffect": null,
                          "pendingProps": Object {
                            "children": Array [
                              <img
                                alt=""
                                className="mr-1"
                                height="22"
                                src="/images/calendar.svg"
                                width="16"
                              />,
                              "Add to Calendar",
                            ],
                            "className": "flex items-center hover:bg-gray-3 mb-2 d:mb-1 p-1 d:p-2 d:pl-3 d:pr-3",
                            "onClick": [Function],
                          },
                          "ref": null,
                          "return": [Circular],
                          "selfBaseDuration": 0,
                          "sibling": null,
                          "stateNode": [Circular],
                          "tag": 5,
                          "treeBaseDuration": 0,
                          "type": "button",
                          "updateQueue": null,
                        },
                        "selfBaseDuration": 0,
                        "sibling": null,
                        "stateNode": Object {
                          "isHidden": false,
                          "tag": "TEXT",
                          "text": "Add to Calendar",
                        },
                        "tag": 6,
                        "treeBaseDuration": 0,
                        "type": null,
                        "updateQueue": null,
                      },
                      "stateNode": [Circular],
                      "tag": 5,
                      "treeBaseDuration": 0,
                      "type": "img",
                      "updateQueue": null,
                    },
                    "isHidden": false,
                    "props": Object {
                      "alt": "",
                      "className": "mr-1",
                      "height": "22",
                      "src": "/images/calendar.svg",
                      "width": "16",
                    },
                    "rootContainerInstance": [Circular],
                    "tag": "INSTANCE",
                    "type": "img",
                  },
                  Object {
                    "isHidden": false,
                    "tag": "TEXT",
                    "text": "Add to Calendar",
                  },
                ],
                "internalInstanceHandle": FiberNode {
                  "_debugHookTypes": null,
                  "_debugID": 4,
                  "_debugIsCurrentlyTiming": false,
                  "_debugNeedsRemount": false,
                  "_debugOwner": [Circular],
                  "_debugSource": null,
                  "actualDuration": 0,
                  "actualStartTime": -1,
                  "alternate": null,
                  "child": FiberNode {
                    "_debugHookTypes": null,
                    "_debugID": 5,
                    "_debugIsCurrentlyTiming": false,
                    "_debugNeedsRemount": false,
                    "_debugOwner": null,
                    "_debugSource": null,
                    "actualDuration": 0,
                    "actualStartTime": -1,
                    "alternate": null,
                    "child": null,
                    "childExpirationTime": 0,
                    "dependencies": null,
                    "effectTag": 0,
                    "elementType": "img",
                    "expirationTime": 0,
                    "firstEffect": null,
                    "index": 0,
                    "key": null,
                    "lastEffect": null,
                    "memoizedProps": Object {
                      "alt": "",
                      "className": "mr-1",
                      "height": "22",
                      "src": "/images/calendar.svg",
                      "width": "16",
                    },
                    "memoizedState": null,
                    "mode": 0,
                    "nextEffect": null,
                    "pendingProps": Object {
                      "alt": "",
                      "className": "mr-1",
                      "height": "22",
                      "src": "/images/calendar.svg",
                      "width": "16",
                    },
                    "ref": null,
                    "return": [Circular],
                    "selfBaseDuration": 0,
                    "sibling": FiberNode {
                      "_debugHookTypes": null,
                      "_debugID": 6,
                      "_debugIsCurrentlyTiming": false,
                      "_debugNeedsRemount": false,
                      "_debugOwner": null,
                      "_debugSource": null,
                      "actualDuration": 0,
                      "actualStartTime": -1,
                      "alternate": null,
                      "child": null,
                      "childExpirationTime": 0,
                      "dependencies": null,
                      "effectTag": 0,
                      "elementType": null,
                      "expirationTime": 0,
                      "firstEffect": null,
                      "index": 1,
                      "key": null,
                      "lastEffect": null,
                      "memoizedProps": "Add to Calendar",
                      "memoizedState": null,
                      "mode": 0,
                      "nextEffect": null,
                      "pendingProps": "Add to Calendar",
                      "ref": null,
                      "return": [Circular],
                      "selfBaseDuration": 0,
                      "sibling": null,
                      "stateNode": Object {
                        "isHidden": false,
                        "tag": "TEXT",
                        "text": "Add to Calendar",
                      },
                      "tag": 6,
                      "treeBaseDuration": 0,
                      "type": null,
                      "updateQueue": null,
                    },
                    "stateNode": Object {
                      "children": Array [],
                      "internalInstanceHandle": [Circular],
                      "isHidden": false,
                      "props": Object {
                        "alt": "",
                        "className": "mr-1",
                        "height": "22",
                        "src": "/images/calendar.svg",
                        "width": "16",
                      },
                      "rootContainerInstance": [Circular],
                      "tag": "INSTANCE",
                      "type": "img",
                    },
                    "tag": 5,
                    "treeBaseDuration": 0,
                    "type": "img",
                    "updateQueue": null,
                  },
                  "childExpirationTime": 0,
                  "dependencies": null,
                  "effectTag": 0,
                  "elementType": "button",
                  "expirationTime": 0,
                  "firstEffect": null,
                  "index": 0,
                  "key": null,
                  "lastEffect": null,
                  "memoizedProps": Object {
                    "children": Array [
                      <img
                        alt=""
                        className="mr-1"
                        height="22"
                        src="/images/calendar.svg"
                        width="16"
                      />,
                      "Add to Calendar",
                    ],
                    "className": "flex items-center hover:bg-gray-3 mb-2 d:mb-1 p-1 d:p-2 d:pl-3 d:pr-3",
                    "onClick": [Function],
                  },
                  "memoizedState": null,
                  "mode": 0,
                  "nextEffect": null,
                  "pendingProps": Object {
                    "children": Array [
                      <img
                        alt=""
                        className="mr-1"
                        height="22"
                        src="/images/calendar.svg"
                        width="16"
                      />,
                      "Add to Calendar",
                    ],
                    "className": "flex items-center hover:bg-gray-3 mb-2 d:mb-1 p-1 d:p-2 d:pl-3 d:pr-3",
                    "onClick": [Function],
                  },
                  "ref": null,
                  "return": [Circular],
                  "selfBaseDuration": 0,
                  "sibling": null,
                  "stateNode": [Circular],
                  "tag": 5,
                  "treeBaseDuration": 0,
                  "type": "button",
                  "updateQueue": null,
                },
                "isHidden": false,
                "props": Object {
                  "children": Array [
                    <img
                      alt=""
                      className="mr-1"
                      height="22"
                      src="/images/calendar.svg"
                      width="16"
                    />,
                    "Add to Calendar",
                  ],
                  "className": "flex items-center hover:bg-gray-3 mb-2 d:mb-1 p-1 d:p-2 d:pl-3 d:pr-3",
                  "onClick": [Function],
                },
                "rootContainerInstance": [Circular],
                "tag": "INSTANCE",
                "type": "button",
              },
            ],
            "createNodeMock": [Function],
            "tag": "CONTAINER",
          },
          "context": Object {},
          "current": [Circular],
          "finishedExpirationTime": 0,
          "finishedWork": null,
          "firstPendingTime": 0,
          "firstSuspendedTime": 0,
          "hydrate": false,
          "interactionThreadID": 1,
          "lastExpiredTime": 0,
          "lastPingedTime": 0,
          "lastSuspendedTime": 0,
          "memoizedInteractions": Set {},
          "nextKnownPendingLevel": 0,
          "pendingChildren": null,
          "pendingContext": null,
          "pendingInteractionMap": Map {},
          "pingCache": null,
          "tag": 0,
          "timeoutHandle": -1,
        },
        "tag": 3,
        "treeBaseDuration": 0,
        "type": null,
        "updateQueue": Object {
          "baseQueue": Object {
            "callback": null,
            "expirationTime": 1073741823,
            "next": [Circular],
            "payload": Object {
              "element": <UNDEFINED
                onClick={[Function]}
              >
                Add to Calendar
              </UNDEFINED>,
            },
            "priority": 97,
            "suspenseConfig": null,
            "tag": 0,
          },
          "baseState": null,
          "effects": null,
          "shared": Object {
            "pending": null,
          },
        },
      },
      "child": [Circular],
      "childExpirationTime": 0,
      "dependencies": null,
      "effectTag": 0,
      "elementType": null,
      "expirationTime": 0,
      "firstEffect": [Circular],
      "index": 0,
      "key": null,
      "lastEffect": [Circular],
      "memoizedProps": null,
      "memoizedState": Object {
        "element": <UNDEFINED
          onClick={[Function]}
        >
          Add to Calendar
        </UNDEFINED>,
      },
      "mode": 0,
      "nextEffect": null,
      "pendingProps": null,
      "ref": null,
      "return": null,
      "selfBaseDuration": 0,
      "sibling": null,
      "stateNode": FiberRootNode {
        "callbackExpirationTime": 0,
        "callbackNode": null,
        "callbackPriority": 90,
        "containerInfo": Object {
          "children": Array [
            Object {
              "children": Array [
                Object {
                  "children": Array [],
                  "internalInstanceHandle": FiberNode {
                    "_debugHookTypes": null,
                    "_debugID": 5,
                    "_debugIsCurrentlyTiming": false,
                    "_debugNeedsRemount": false,
                    "_debugOwner": null,
                    "_debugSource": null,
                    "actualDuration": 0,
                    "actualStartTime": -1,
                    "alternate": null,
                    "child": null,
                    "childExpirationTime": 0,
                    "dependencies": null,
                    "effectTag": 0,
                    "elementType": "img",
                    "expirationTime": 0,
                    "firstEffect": null,
                    "index": 0,
                    "key": null,
                    "lastEffect": null,
                    "memoizedProps": Object {
                      "alt": "",
                      "className": "mr-1",
                      "height": "22",
                      "src": "/images/calendar.svg",
                      "width": "16",
                    },
                    "memoizedState": null,
                    "mode": 0,
                    "nextEffect": null,
                    "pendingProps": Object {
                      "alt": "",
                      "className": "mr-1",
                      "height": "22",
                      "src": "/images/calendar.svg",
                      "width": "16",
                    },
                    "ref": null,
                    "return": FiberNode {
                      "_debugHookTypes": null,
                      "_debugID": 4,
                      "_debugIsCurrentlyTiming": false,
                      "_debugNeedsRemount": false,
                      "_debugOwner": [Circular],
                      "_debugSource": null,
                      "actualDuration": 0,
                      "actualStartTime": -1,
                      "alternate": null,
                      "child": [Circular],
                      "childExpirationTime": 0,
                      "dependencies": null,
                      "effectTag": 0,
                      "elementType": "button",
                      "expirationTime": 0,
                      "firstEffect": null,
                      "index": 0,
                      "key": null,
                      "lastEffect": null,
                      "memoizedProps": Object {
                        "children": Array [
                          <img
                            alt=""
                            className="mr-1"
                            height="22"
                            src="/images/calendar.svg"
                            width="16"
                          />,
                          "Add to Calendar",
                        ],
                        "className": "flex items-center hover:bg-gray-3 mb-2 d:mb-1 p-1 d:p-2 d:pl-3 d:pr-3",
                        "onClick": [Function],
                      },
                      "memoizedState": null,
                      "mode": 0,
                      "nextEffect": null,
                      "pendingProps": Object {
                        "children": Array [
                          <img
                            alt=""
                            className="mr-1"
                            height="22"
                            src="/images/calendar.svg"
                            width="16"
                          />,
                          "Add to Calendar",
                        ],
                        "className": "flex items-center hover:bg-gray-3 mb-2 d:mb-1 p-1 d:p-2 d:pl-3 d:pr-3",
                        "onClick": [Function],
                      },
                      "ref": null,
                      "return": [Circular],
                      "selfBaseDuration": 0,
                      "sibling": null,
                      "stateNode": [Circular],
                      "tag": 5,
                      "treeBaseDuration": 0,
                      "type": "button",
                      "updateQueue": null,
                    },
                    "selfBaseDuration": 0,
                    "sibling": FiberNode {
                      "_debugHookTypes": null,
                      "_debugID": 6,
                      "_debugIsCurrentlyTiming": false,
                      "_debugNeedsRemount": false,
                      "_debugOwner": null,
                      "_debugSource": null,
                      "actualDuration": 0,
                      "actualStartTime": -1,
                      "alternate": null,
                      "child": null,
                      "childExpirationTime": 0,
                      "dependencies": null,
                      "effectTag": 0,
                      "elementType": null,
                      "expirationTime": 0,
                      "firstEffect": null,
                      "index": 1,
                      "key": null,
                      "lastEffect": null,
                      "memoizedProps": "Add to Calendar",
                      "memoizedState": null,
                      "mode": 0,
                      "nextEffect": null,
                      "pendingProps": "Add to Calendar",
                      "ref": null,
                      "return": FiberNode {
                        "_debugHookTypes": null,
                        "_debugID": 4,
                        "_debugIsCurrentlyTiming": false,
                        "_debugNeedsRemount": false,
                        "_debugOwner": [Circular],
                        "_debugSource": null,
                        "actualDuration": 0,
                        "actualStartTime": -1,
                        "alternate": null,
                        "child": [Circular],
                        "childExpirationTime": 0,
                        "dependencies": null,
                        "effectTag": 0,
                        "elementType": "button",
                        "expirationTime": 0,
                        "firstEffect": null,
                        "index": 0,
                        "key": null,
                        "lastEffect": null,
                        "memoizedProps": Object {
                          "children": Array [
                            <img
                              alt=""
                              className="mr-1"
                              height="22"
                              src="/images/calendar.svg"
                              width="16"
                            />,
                            "Add to Calendar",
                          ],
                          "className": "flex items-center hover:bg-gray-3 mb-2 d:mb-1 p-1 d:p-2 d:pl-3 d:pr-3",
                          "onClick": [Function],
                        },
                        "memoizedState": null,
                        "mode": 0,
                        "nextEffect": null,
                        "pendingProps": Object {
                          "children": Array [
                            <img
                              alt=""
                              className="mr-1"
                              height="22"
                              src="/images/calendar.svg"
                              width="16"
                            />,
                            "Add to Calendar",
                          ],
                          "className": "flex items-center hover:bg-gray-3 mb-2 d:mb-1 p-1 d:p-2 d:pl-3 d:pr-3",
                          "onClick": [Function],
                        },
                        "ref": null,
                        "return": [Circular],
                        "selfBaseDuration": 0,
                        "sibling": null,
                        "stateNode": [Circular],
                        "tag": 5,
                        "treeBaseDuration": 0,
                        "type": "button",
                        "updateQueue": null,
                      },
                      "selfBaseDuration": 0,
                      "sibling": null,
                      "stateNode": Object {
                        "isHidden": false,
                        "tag": "TEXT",
                        "text": "Add to Calendar",
                      },
                      "tag": 6,
                      "treeBaseDuration": 0,
                      "type": null,
                      "updateQueue": null,
                    },
                    "stateNode": [Circular],
                    "tag": 5,
                    "treeBaseDuration": 0,
                    "type": "img",
                    "updateQueue": null,
                  },
                  "isHidden": false,
                  "props": Object {
                    "alt": "",
                    "className": "mr-1",
                    "height": "22",
                    "src": "/images/calendar.svg",
                    "width": "16",
                  },
                  "rootContainerInstance": [Circular],
                  "tag": "INSTANCE",
                  "type": "img",
                },
                Object {
                  "isHidden": false,
                  "tag": "TEXT",
                  "text": "Add to Calendar",
                },
              ],
              "internalInstanceHandle": FiberNode {
                "_debugHookTypes": null,
                "_debugID": 4,
                "_debugIsCurrentlyTiming": false,
                "_debugNeedsRemount": false,
                "_debugOwner": [Circular],
                "_debugSource": null,
                "actualDuration": 0,
                "actualStartTime": -1,
                "alternate": null,
                "child": FiberNode {
                  "_debugHookTypes": null,
                  "_debugID": 5,
                  "_debugIsCurrentlyTiming": false,
                  "_debugNeedsRemount": false,
                  "_debugOwner": null,
                  "_debugSource": null,
                  "actualDuration": 0,
                  "actualStartTime": -1,
                  "alternate": null,
                  "child": null,
                  "childExpirationTime": 0,
                  "dependencies": null,
                  "effectTag": 0,
                  "elementType": "img",
                  "expirationTime": 0,
                  "firstEffect": null,
                  "index": 0,
                  "key": null,
                  "lastEffect": null,
                  "memoizedProps": Object {
                    "alt": "",
                    "className": "mr-1",
                    "height": "22",
                    "src": "/images/calendar.svg",
                    "width": "16",
                  },
                  "memoizedState": null,
                  "mode": 0,
                  "nextEffect": null,
                  "pendingProps": Object {
                    "alt": "",
                    "className": "mr-1",
                    "height": "22",
                    "src": "/images/calendar.svg",
                    "width": "16",
                  },
                  "ref": null,
                  "return": [Circular],
                  "selfBaseDuration": 0,
                  "sibling": FiberNode {
                    "_debugHookTypes": null,
                    "_debugID": 6,
                    "_debugIsCurrentlyTiming": false,
                    "_debugNeedsRemount": false,
                    "_debugOwner": null,
                    "_debugSource": null,
                    "actualDuration": 0,
                    "actualStartTime": -1,
                    "alternate": null,
                    "child": null,
                    "childExpirationTime": 0,
                    "dependencies": null,
                    "effectTag": 0,
                    "elementType": null,
                    "expirationTime": 0,
                    "firstEffect": null,
                    "index": 1,
                    "key": null,
                    "lastEffect": null,
                    "memoizedProps": "Add to Calendar",
                    "memoizedState": null,
                    "mode": 0,
                    "nextEffect": null,
                    "pendingProps": "Add to Calendar",
                    "ref": null,
                    "return": [Circular],
                    "selfBaseDuration": 0,
                    "sibling": null,
                    "stateNode": Object {
                      "isHidden": false,
                      "tag": "TEXT",
                      "text": "Add to Calendar",
                    },
                    "tag": 6,
                    "treeBaseDuration": 0,
                    "type": null,
                    "updateQueue": null,
                  },
                  "stateNode": Object {
                    "children": Array [],
                    "internalInstanceHandle": [Circular],
                    "isHidden": false,
                    "props": Object {
                      "alt": "",
                      "className": "mr-1",
                      "height": "22",
                      "src": "/images/calendar.svg",
                      "width": "16",
                    },
                    "rootContainerInstance": [Circular],
                    "tag": "INSTANCE",
                    "type": "img",
                  },
                  "tag": 5,
                  "treeBaseDuration": 0,
                  "type": "img",
                  "updateQueue": null,
                },
                "childExpirationTime": 0,
                "dependencies": null,
                "effectTag": 0,
                "elementType": "button",
                "expirationTime": 0,
                "firstEffect": null,
                "index": 0,
                "key": null,
                "lastEffect": null,
                "memoizedProps": Object {
                  "children": Array [
                    <img
                      alt=""
                      className="mr-1"
                      height="22"
                      src="/images/calendar.svg"
                      width="16"
                    />,
                    "Add to Calendar",
                  ],
                  "className": "flex items-center hover:bg-gray-3 mb-2 d:mb-1 p-1 d:p-2 d:pl-3 d:pr-3",
                  "onClick": [Function],
                },
                "memoizedState": null,
                "mode": 0,
                "nextEffect": null,
                "pendingProps": Object {
                  "children": Array [
                    <img
                      alt=""
                      className="mr-1"
                      height="22"
                      src="/images/calendar.svg"
                      width="16"
                    />,
                    "Add to Calendar",
                  ],
                  "className": "flex items-center hover:bg-gray-3 mb-2 d:mb-1 p-1 d:p-2 d:pl-3 d:pr-3",
                  "onClick": [Function],
                },
                "ref": null,
                "return": [Circular],
                "selfBaseDuration": 0,
                "sibling": null,
                "stateNode": [Circular],
                "tag": 5,
                "treeBaseDuration": 0,
                "type": "button",
                "updateQueue": null,
              },
              "isHidden": false,
              "props": Object {
                "children": Array [
                  <img
                    alt=""
                    className="mr-1"
                    height="22"
                    src="/images/calendar.svg"
                    width="16"
                  />,
                  "Add to Calendar",
                ],
                "className": "flex items-center hover:bg-gray-3 mb-2 d:mb-1 p-1 d:p-2 d:pl-3 d:pr-3",
                "onClick": [Function],
              },
              "rootContainerInstance": [Circular],
              "tag": "INSTANCE",
              "type": "button",
            },
          ],
          "createNodeMock": [Function],
          "tag": "CONTAINER",
        },
        "context": Object {},
        "current": [Circular],
        "finishedExpirationTime": 0,
        "finishedWork": null,
        "firstPendingTime": 0,
        "firstSuspendedTime": 0,
        "hydrate": false,
        "interactionThreadID": 1,
        "lastExpiredTime": 0,
        "lastPingedTime": 0,
        "lastSuspendedTime": 0,
        "memoizedInteractions": Set {},
        "nextKnownPendingLevel": 0,
        "pendingChildren": null,
        "pendingContext": null,
        "pendingInteractionMap": Map {},
        "pingCache": null,
        "tag": 0,
        "timeoutHandle": -1,
      },
      "tag": 3,
      "treeBaseDuration": 0,
      "type": null,
      "updateQueue": Object {
        "baseQueue": null,
        "baseState": Object {
          "element": <UNDEFINED
            onClick={[Function]}
          >
            Add to Calendar
          </UNDEFINED>,
        },
        "effects": null,
        "shared": Object {
          "pending": null,
        },
      },
    },
    "selfBaseDuration": 0,
    "sibling": null,
    "stateNode": null,
    "tag": 15,
    "treeBaseDuration": 0,
    "type": [Function],
    "updateQueue": null,
  },
}
`;
