// Jest Snapshot v1, https://goo.gl/fbAQLP

exports[`component/Meetings/breakpoint/Mobile renders mobile meetings 1`] = `
<ul
  className="text-left animated fadeInUp"
>
  <li
    className="font-semibold mb-2"
  >
    Past Meetings
  </li>
  <li
    className="flex flex-row mb-2 opacity-5"
  >
    <a
      className="max-w-6/12 min-w-6/12"
      href="/meeting/12/aut-occaecati-iusto-nostrum-ut}"
      onClick={[Function]}
    />
    <div
      className="pl-1"
    >
      <div
        className="flex mb-1 text-sm text-red-3 leading-none"
      >
        <time
          className="mr-1"
          dateTime="2020-05-02T10:47:34.393Z"
        >
          May 02 2020 | 6:47AM
        </time>
      </div>
      <h3
        className="capitalize leading-none mb-1"
      >
        <a
          className="no-underline"
          href="/meeting/12/aut-occaecati-iusto-nostrum-ut"
          onClick={[Function]}
        >
          aut occaecati iusto nostrum ut
        </a>
      </h3>
    </div>
  </li>
  <li
    className="flex flex-row mb-2 opacity-5"
  >
    <a
      className="max-w-6/12 min-w-6/12"
      href="/meeting/12/aut-occaecati-iusto-nostrum-ut}"
      onClick={[Function]}
    />
    <div
      className="pl-1"
    >
      <div
        className="flex mb-1 text-sm text-red-3 leading-none"
      >
        <time
          className="mr-1"
          dateTime="2021-05-02T10:47:34.393Z"
        >
          May 02 2021 | 6:47AM
        </time>
      </div>
      <h3
        className="capitalize leading-none mb-1"
      >
        <a
          className="no-underline"
          href="/meeting/12/aut-occaecati-iusto-nostrum-ut"
          onClick={[Function]}
        >
          aut occaecati iusto nostrum ut
        </a>
      </h3>
    </div>
  </li>
</ul>
`;
