// Jest Snapshot v1, https://goo.gl/fbAQLP

exports[`renders as expected 1`] = `
Array [
  <p
    className="mb-1"
  >
    testing rendering description. test. testing.
  </p>,
  <button
    className="mb-2 border-0 bg-0"
    onClick={[Function]}
  >
    Show more
  </button>,
]
`;

exports[`renders null when bad description passed in 1`] = `null`;

exports[`renders null when no description prop passed in 1`] = `null`;
